// Jest Snapshot v1, https://goo.gl/fbAQLP

exports[`Component Requiments render snapshot 1`] = `
<Fragment>
  <Header
    as="h3"
  >
    test
  </Header>
  <Segment />
</Fragment>
`;
